#
# There is insufficient memory for the Java Runtime Environment to continue.
# Native memory allocation (malloc) failed to allocate 32744 bytes for Chunk::new
# Possible reasons:
#   The system is out of physical RAM or swap space
#   The process is running with CompressedOops enabled, and the Java Heap may be blocking the growth of the native heap
# Possible solutions:
#   Reduce memory load on the system
#   Increase physical memory or swap space
#   Check if swap backing store is full
#   Decrease Java heap size (-Xmx/-Xms)
#   Decrease number of Java threads
#   Decrease Java thread stack sizes (-Xss)
#   Set larger code cache with -XX:ReservedCodeCacheSize=
#   JVM is running with Zero Based Compressed Oops mode in which the Java heap is
#     placed in the first 32GB address space. The Java Heap base address is the
#     maximum limit for the native heap growth. Please use -XX:HeapBaseMinAddress
#     to set the Java Heap base and to place the Java Heap above 32GB virtual address.
# This output file may be truncated or incomplete.
#
#  Out of Memory Error (arena.cpp:168), pid=12276, tid=7960
#
# JRE version: Java(TM) SE Runtime Environment (21.0.10+8) (build 21.0.10+8-LTS-217)
# Java VM: Java HotSpot(TM) 64-Bit Server VM (21.0.10+8-LTS-217, mixed mode, sharing, tiered, compressed oops, compressed class ptrs, g1 gc, windows-amd64)
# No core dump will be written. Minidumps are not enabled by default on client versions of Windows
#

---------------  S U M M A R Y ------------

Command Line: --enable-native-access=ALL-UNNAMED -Dfile.encoding=UTF-8 -Dclassworlds.conf=C:\Users\swaya\.m2\wrapper\dists\apache-maven-3.9.16\0daed3be3ebd1c706f0e69e8b07c6b73f5cc4ea3dfce72a8d0ec2e849ca2ddb0\bin\m2.conf -Dmaven.home=C:\Users\swaya\.m2\wrapper\dists\apache-maven-3.9.16\0daed3be3ebd1c706f0e69e8b07c6b73f5cc4ea3dfce72a8d0ec2e849ca2ddb0 -Dlibrary.jansi.path=C:\Users\swaya\.m2\wrapper\dists\apache-maven-3.9.16\0daed3be3ebd1c706f0e69e8b07c6b73f5cc4ea3dfce72a8d0ec2e849ca2ddb0\lib\jansi-native -Dmaven.multiModuleProjectDirectory=C:\Users\swaya\IdeaProjects\CrudApp org.codehaus.plexus.classworlds.launcher.Launcher -Didea.version=2026.2.2 -Dmaven.ext.class.path=C:\Program Files\JetBrains\IntelliJ IDEA 2026.1.3\plugins\maven-plugin\lib\intellij.maven.rt\maven-event-listener.jar -Djansi.passthrough=true -Dstyle.color=always -Dmaven.repo.local=C:\Users\swaya\.m2\repository clean -f pom.xml

Host: 11th Gen Intel(R) Core(TM) i5-11400H @ 2.70GHz, 12 cores, 15G,  Windows 11 , 64 bit Build 26100 (10.0.26100.9278)
Time: Thu Sep 10 03:51:56 2026 India Standard Time elapsed time: 0.120520 seconds (0d 0h 0m 0s)

---------------  T H R E A D  ---------------

Current thread (0x0000023c92035300):  JavaThread "C2 CompilerThread0" daemon [_thread_in_native, id=7960, stack(0x0000009f38000000,0x0000009f38100000) (1024K)]


Current CompileTask:
C2:    120  245 % !   4       java.util.zip.ZipFile$Source::findEND @ 152 (669 bytes)

Stack: [0x0000009f38000000,0x0000009f38100000]
Native frames: (J=compiled Java code, j=interpreted, Vv=VM code, C=native code)
V  [jvm.dll+0x6d0b59]
V  [jvm.dll+0x85fd56]
V  [jvm.dll+0x86224e]
V  [jvm.dll+0x862923]
V  [jvm.dll+0x282a16]
V  [jvm.dll+0xc662d]
V  [jvm.dll+0xc6b71]
V  [jvm.dll+0x3c15fd]
V  [jvm.dll+0x3c0c11]
V  [jvm.dll+0x3c0c54]
V  [jvm.dll+0x3ba15c]
V  [jvm.dll+0x1e3927]
V  [jvm.dll+0x24b4c3]
V  [jvm.dll+0x24a94f]
V  [jvm.dll+0x1cacfe]
V  [jvm.dll+0x25a629]
V  [jvm.dll+0x258bb5]
V  [jvm.dll+0x3f4da1]
V  [jvm.dll+0x80a83d]
V  [jvm.dll+0x6cf3fd]
C  [ucrtbase.dll+0x2cd30]
C  [KERNEL32.DLL+0x2ccb7]
C  [ntdll.dll+0xacaec]


---------------  P R O C E S S  ---------------

Threads class SMR info:
_java_thread_list=0x0000023c9218b8f0, length=11, elements={
0x0000023c2cf3b2f0, 0x0000023c9200fbd0, 0x0000023c92010830, 0x0000023c92012ab0,
0x0000023c92014780, 0x0000023c9201c980, 0x0000023c9201d3e0, 0x0000023c92035300,
0x0000023c92035da0, 0x0000023c921883c0, 0x0000023c9218f430
}

Java Threads: ( => current thread )
  0x0000023c2cf3b2f0 JavaThread "main"                              [_thread_in_Java, id=25340, stack(0x0000009f37200000,0x0000009f37300000) (1024K)]
  0x0000023c9200fbd0 JavaThread "Reference Handler"          daemon [_thread_blocked, id=22292, stack(0x0000009f37a00000,0x0000009f37b00000) (1024K)]
  0x0000023c92010830 JavaThread "Finalizer"                  daemon [_thread_blocked, id=12872, stack(0x0000009f37b00000,0x0000009f37c00000) (1024K)]
  0x0000023c92012ab0 JavaThread "Signal Dispatcher"          daemon [_thread_blocked, id=17852, stack(0x0000009f37c00000,0x0000009f37d00000) (1024K)]
  0x0000023c92014780 JavaThread "Attach Listener"            daemon [_thread_blocked, id=17124, stack(0x0000009f37d00000,0x0000009f37e00000) (1024K)]
  0x0000023c9201c980 JavaThread "Service Thread"             daemon [_thread_blocked, id=22480, stack(0x0000009f37e00000,0x0000009f37f00000) (1024K)]
  0x0000023c9201d3e0 JavaThread "Monitor Deflation Thread"   daemon [_thread_blocked, id=15004, stack(0x0000009f37f00000,0x0000009f38000000) (1024K)]
=>0x0000023c92035300 JavaThread "C2 CompilerThread0"         daemon [_thread_in_native, id=7960, stack(0x0000009f38000000,0x0000009f38100000) (1024K)]
  0x0000023c92035da0 JavaThread "C1 CompilerThread0"         daemon [_thread_in_native, id=24560, stack(0x0000009f38100000,0x0000009f38200000) (1024K)]
  0x0000023c921883c0 JavaThread "Notification Thread"        daemon [_thread_blocked, id=4596, stack(0x0000009f38200000,0x0000009f38300000) (1024K)]
  0x0000023c9218f430 JavaThread "Common-Cleaner"             daemon [_thread_blocked, id=23600, stack(0x0000009f38300000,0x0000009f38400000) (1024K)]
Total: 11

Other Threads:
  0x0000023c4c9ffdb0 VMThread "VM Thread"                           [id=22524, stack(0x0000009f37900000,0x0000009f37a00000) (1024K)]
  0x0000023c4c9eb7e0 WatcherThread "VM Periodic Task Thread"        [id=20924, stack(0x0000009f37800000,0x0000009f37900000) (1024K)]
  0x0000023c2cf9f1a0 WorkerThread "GC Thread#0"                     [id=16224, stack(0x0000009f37300000,0x0000009f37400000) (1024K)]
  0x0000023c2cfafca0 ConcurrentGCThread "G1 Main Marker"            [id=24124, stack(0x0000009f37400000,0x0000009f37500000) (1024K)]
  0x0000023c2cfb2550 WorkerThread "G1 Conc#0"                       [id=24336, stack(0x0000009f37500000,0x0000009f37600000) (1024K)]
  0x0000023c2cfeeb70 ConcurrentGCThread "G1 Refine#0"               [id=15180, stack(0x0000009f37600000,0x0000009f37700000) (1024K)]
  0x0000023c4c8b35f0 ConcurrentGCThread "G1 Service"                [id=17904, stack(0x0000009f37700000,0x0000009f37800000) (1024K)]
Total: 7

Threads with active compile tasks:
C2 CompilerThread0      133  245 % !   4       java.util.zip.ZipFile$Source::findEND @ 152 (669 bytes)
C1 CompilerThread0      133  259 %     3       java.util.Properties$LineReader::readLine @ 53 (584 bytes)
Total: 2

VM state: not at safepoint (normal execution)

VM Mutex/Monitor currently owned by a thread: None

Heap address: 0x0000000704000000, size: 4032 MB, Compressed Oops mode: Zero based, Oop shift amount: 3

CDS archive(s) mapped at: [0x0000023c4d000000-0x0000023c4dc90000-0x0000023c4dc90000), size 13172736, SharedBaseAddress: 0x0000023c4d000000, ArchiveRelocationMode: 1.
Compressed class space mapped at: 0x0000023c4e000000-0x0000023c8e000000, reserved size: 1073741824
Narrow klass base: 0x0000023c4d000000, Narrow klass shift: 0, Narrow klass range: 0x100000000

GC Precious Log:
 CardTable entry size: 512
 Card Set container configuration: InlinePtr #cards 4 size 8 Array Of Cards #cards 16 size 48 Howl #buckets 8 coarsen threshold 3686 Howl Bitmap #cards 512 size 80 coarsen threshold 460 Card regions per heap region 1 cards per card region 4096
 CPUs: 12 total, 12 available
 Memory: 16121M
 Large Page Support: Disabled
 NUMA Support: Disabled
 Compressed Oops: Enabled (Zero based)
 Heap Region Size: 2M
 Heap Min Capacity: 8M
 Heap Initial Capacity: 252M
 Heap Max Capacity: 4032M
 Pre-touch: Disabled
 Parallel Workers: 10
 Concurrent Workers: 3
 Concurrent Refinement Workers: 10
 Periodic GC: Disabled

Heap:
 garbage-first heap   total 258048K, used 4096K [0x0000000704000000, 0x0000000800000000)
  region size 2048K, 3 young (6144K), 0 survivors (0K)
 Metaspace       used 857K, committed 1024K, reserved 1114112K
  class space    used 61K, committed 128K, reserved 1048576K

Heap Regions: E=young(eden), S=young(survivor), O=old, HS=humongous(starts), HC=humongous(continues), CS=collection set, F=free, TAMS=top-at-mark-start, PB=parsable bottom
|   0|0x0000000704000000, 0x0000000704000000, 0x0000000704200000|  0%| F|  |TAMS 0x0000000704000000| PB 0x0000000704000000| Untracked 
|   1|0x0000000704200000, 0x0000000704200000, 0x0000000704400000|  0%| F|  |TAMS 0x0000000704200000| PB 0x0000000704200000| Untracked 
|   2|0x0000000704400000, 0x0000000704400000, 0x0000000704600000|  0%| F|  |TAMS 0x0000000704400000| PB 0x0000000704400000| Untracked 
|   3|0x0000000704600000, 0x0000000704600000, 0x0000000704800000|  0%| F|  |TAMS 0x0000000704600000| PB 0x0000000704600000| Untracked 
|   4|0x0000000704800000, 0x0000000704800000, 0x0000000704a00000|  0%| F|  |TAMS 0x0000000704800000| PB 0x0000000704800000| Untracked 
|   5|0x0000000704a00000, 0x0000000704a00000, 0x0000000704c00000|  0%| F|  |TAMS 0x0000000704a00000| PB 0x0000000704a00000| Untracked 
|   6|0x0000000704c00000, 0x0000000704c00000, 0x0000000704e00000|  0%| F|  |TAMS 0x0000000704c00000| PB 0x0000000704c00000| Untracked 
|   7|0x0000000704e00000, 0x0000000704e00000, 0x0000000705000000|  0%| F|  |TAMS 0x0000000704e00000| PB 0x0000000704e00000| Untracked 
|   8|0x0000000705000000, 0x0000000705000000, 0x0000000705200000|  0%| F|  |TAMS 0x0000000705000000| PB 0x0000000705000000| Untracked 
|   9|0x0000000705200000, 0x0000000705200000, 0x0000000705400000|  0%| F|  |TAMS 0x0000000705200000| PB 0x0000000705200000| Untracked 
|  10|0x0000000705400000, 0x0000000705400000, 0x0000000705600000|  0%| F|  |TAMS 0x0000000705400000| PB 0x0000000705400000| Untracked 
|  11|0x0000000705600000, 0x0000000705600000, 0x0000000705800000|  0%| F|  |TAMS 0x0000000705600000| PB 0x0000000705600000| Untracked 
|  12|0x0000000705800000, 0x0000000705800000, 0x0000000705a00000|  0%| F|  |TAMS 0x0000000705800000| PB 0x0000000705800000| Untracked 
|  13|0x0000000705a00000, 0x0000000705a00000, 0x0000000705c00000|  0%| F|  |TAMS 0x0000000705a00000| PB 0x0000000705a00000| Untracked 
|  14|0x0000000705c00000, 0x0000000705c00000, 0x0000000705e00000|  0%| F|  |TAMS 0x0000000705c00000| PB 0x0000000705c00000| Untracked 
|  15|0x0000000705e00000, 0x0000000705e00000, 0x0000000706000000|  0%| F|  |TAMS 0x0000000705e00000| PB 0x0000000705e00000| Untracked 
|  16|0x0000000706000000, 0x0000000706000000, 0x0000000706200000|  0%| F|  |TAMS 0x0000000706000000| PB 0x0000000706000000| Untracked 
|  17|0x0000000706200000, 0x0000000706200000, 0x0000000706400000|  0%| F|  |TAMS 0x0000000706200000| PB 0x0000000706200000| Untracked 
|  18|0x0000000706400000, 0x0000000706400000, 0x0000000706600000|  0%| F|  |TAMS 0x0000000706400000| PB 0x0000000706400000| Untracked 
|  19|0x0000000706600000, 0x0000000706600000, 0x0000000706800000|  0%| F|  |TAMS 0x0000000706600000| PB 0x0000000706600000| Untracked 
|  20|0x0000000706800000, 0x0000000706800000, 0x0000000706a00000|  0%| F|  |TAMS 0x0000000706800000| PB 0x0000000706800000| Untracked 
|  21|0x0000000706a00000, 0x0000000706a00000, 0x0000000706c00000|  0%| F|  |TAMS 0x0000000706a00000| PB 0x0000000706a00000| Untracked 
|  22|0x0000000706c00000, 0x0000000706c00000, 0x0000000706e00000|  0%| F|  |TAMS 0x0000000706c00000| PB 0x0000000706c00000| Untracked 
|  23|0x0000000706e00000, 0x0000000706e00000, 0x0000000707000000|  0%| F|  |TAMS 0x0000000706e00000| PB 0x0000000706e00000| Untracked 
|  24|0x0000000707000000, 0x0000000707000000, 0x0000000707200000|  0%| F|  |TAMS 0x0000000707000000| PB 0x0000000707000000| Untracked 
|  25|0x0000000707200000, 0x0000000707200000, 0x0000000707400000|  0%| F|  |TAMS 0x0000000707200000| PB 0x0000000707200000| Untracked 
|  26|0x0000000707400000, 0x0000000707400000, 0x0000000707600000|  0%| F|  |TAMS 0x0000000707400000| PB 0x0000000707400000| Untracked 
|  27|0x0000000707600000, 0x0000000707600000, 0x0000000707800000|  0%| F|  |TAMS 0x0000000707600000| PB 0x0000000707600000| Untracked 
|  28|0x0000000707800000, 0x0000000707800000, 0x0000000707a00000|  0%| F|  |TAMS 0x0000000707800000| PB 0x0000000707800000| Untracked 
|  29|0x0000000707a00000, 0x0000000707a00000, 0x0000000707c00000|  0%| F|  |TAMS 0x0000000707a00000| PB 0x0000000707a00000| Untracked 
|  30|0x0000000707c00000, 0x0000000707c00000, 0x0000000707e00000|  0%| F|  |TAMS 0x0000000707c00000| PB 0x0000000707c00000| Untracked 
|  31|0x0000000707e00000, 0x0000000707e00000, 0x0000000708000000|  0%| F|  |TAMS 0x0000000707e00000| PB 0x0000000707e00000| Untracked 
|  32|0x0000000708000000, 0x0000000708000000, 0x0000000708200000|  0%| F|  |TAMS 0x0000000708000000| PB 0x0000000708000000| Untracked 
|  33|0x0000000708200000, 0x0000000708200000, 0x0000000708400000|  0%| F|  |TAMS 0x0000000708200000| PB 0x0000000708200000| Untracked 
|  34|0x0000000708400000, 0x0000000708400000, 0x0000000708600000|  0%| F|  |TAMS 0x0000000708400000| PB 0x0000000708400000| Untracked 
|  35|0x0000000708600000, 0x0000000708600000, 0x0000000708800000|  0%| F|  |TAMS 0x0000000708600000| PB 0x0000000708600000| Untracked 
|  36|0x0000000708800000, 0x0000000708800000, 0x0000000708a00000|  0%| F|  |TAMS 0x0000000708800000| PB 0x0000000708800000| Untracked 
|  37|0x0000000708a00000, 0x0000000708a00000, 0x0000000708c00000|  0%| F|  |TAMS 0x0000000708a00000| PB 0x0000000708a00000| Untracked 
|  38|0x0000000708c00000, 0x0000000708c00000, 0x0000000708e00000|  0%| F|  |TAMS 0x0000000708c00000| PB 0x0000000708c00000| Untracked 
|  39|0x0000000708e00000, 0x0000000708e00000, 0x0000000709000000|  0%| F|  |TAMS 0x0000000708e00000| PB 0x0000000708e00000| Untracked 
|  40|0x0000000709000000, 0x0000000709000000, 0x0000000709200000|  0%| F|  |TAMS 0x0000000709000000| PB 0x0000000709000000| Untracked 
|  41|0x0000000709200000, 0x0000000709200000, 0x0000000709400000|  0%| F|  |TAMS 0x0000000709200000| PB 0x0000000709200000| Untracked 
|  42|0x0000000709400000, 0x0000000709400000, 0x0000000709600000|  0%| F|  |TAMS 0x0000000709400000| PB 0x0000000709400000| Untracked 
|  43|0x0000000709600000, 0x0000000709600000, 0x0000000709800000|  0%| F|  |TAMS 0x0000000709600000| PB 0x0000000709600000| Untracked 
|  44|0x0000000709800000, 0x0000000709800000, 0x0000000709a00000|  0%| F|  |TAMS 0x0000000709800000| PB 0x0000000709800000| Untracked 
|  45|0x0000000709a00000, 0x0000000709a00000, 0x0000000709c00000|  0%| F|  |TAMS 0x0000000709a00000| PB 0x0000000709a00000| Untracked 
|  46|0x0000000709c00000, 0x0000000709c00000, 0x0000000709e00000|  0%| F|  |TAMS 0x0000000709c00000| PB 0x0000000709c00000| Untracked 
|  47|0x0000000709e00000, 0x0000000709e00000, 0x000000070a000000|  0%| F|  |TAMS 0x0000000709e00000| PB 0x0000000709e00000| Untracked 
|  48|0x000000070a000000, 0x000000070a000000, 0x000000070a200000|  0%| F|  |TAMS 0x000000070a000000| PB 0x000000070a000000| Untracked 
|  49|0x000000070a200000, 0x000000070a200000, 0x000000070a400000|  0%| F|  |TAMS 0x000000070a200000| PB 0x000000070a200000| Untracked 
|  50|0x000000070a400000, 0x000000070a400000, 0x000000070a600000|  0%| F|  |TAMS 0x000000070a400000| PB 0x000000070a400000| Untracked 
|  51|0x000000070a600000, 0x000000070a600000, 0x000000070a800000|  0%| F|  |TAMS 0x000000070a600000| PB 0x000000070a600000| Untracked 
|  52|0x000000070a800000, 0x000000070a800000, 0x000000070aa00000|  0%| F|  |TAMS 0x000000070a800000| PB 0x000000070a800000| Untracked 
|  53|0x000000070aa00000, 0x000000070aa00000, 0x000000070ac00000|  0%| F|  |TAMS 0x000000070aa00000| PB 0x000000070aa00000| Untracked 
|  54|0x000000070ac00000, 0x000000070ac00000, 0x000000070ae00000|  0%| F|  |TAMS 0x000000070ac00000| PB 0x000000070ac00000| Untracked 
|  55|0x000000070ae00000, 0x000000070ae00000, 0x000000070b000000|  0%| F|  |TAMS 0x000000070ae00000| PB 0x000000070ae00000| Untracked 
|  56|0x000000070b000000, 0x000000070b000000, 0x000000070b200000|  0%| F|  |TAMS 0x000000070b000000| PB 0x000000070b000000| Untracked 
|  57|0x000000070b200000, 0x000000070b200000, 0x000000070b400000|  0%| F|  |TAMS 0x000000070b200000| PB 0x000000070b200000| Untracked 
|  58|0x000000070b400000, 0x000000070b400000, 0x000000070b600000|  0%| F|  |TAMS 0x000000070b400000| PB 0x000000070b400000| Untracked 
|  59|0x000000070b600000, 0x000000070b600000, 0x000000070b800000|  0%| F|  |TAMS 0x000000070b600000| PB 0x000000070b600000| Untracked 
|  60|0x000000070b800000, 0x000000070b800000, 0x000000070ba00000|  0%| F|  |TAMS 0x000000070b800000| PB 0x000000070b800000| Untracked 
|  61|0x000000070ba00000, 0x000000070ba00000, 0x000000070bc00000|  0%| F|  |TAMS 0x000000070ba00000| PB 0x000000070ba00000| Untracked 
|  62|0x000000070bc00000, 0x000000070bc00000, 0x000000070be00000|  0%| F|  |TAMS 0x000000070bc00000| PB 0x000000070bc00000| Untracked 
|  63|0x000000070be00000, 0x000000070be00000, 0x000000070c000000|  0%| F|  |TAMS 0x000000070be00000| PB 0x000000070be00000| Untracked 
|  64|0x000000070c000000, 0x000000070c000000, 0x000000070c200000|  0%| F|  |TAMS 0x000000070c000000| PB 0x000000070c000000| Untracked 
|  65|0x000000070c200000, 0x000000070c200000, 0x000000070c400000|  0%| F|  |TAMS 0x000000070c200000| PB 0x000000070c200000| Untracked 
|  66|0x000000070c400000, 0x000000070c400000, 0x000000070c600000|  0%| F|  |TAMS 0x000000070c400000| PB 0x000000070c400000| Untracked 
|  67|0x000000070c600000, 0x000000070c600000, 0x000000070c800000|  0%| F|  |TAMS 0x000000070c600000| PB 0x000000070c600000| Untracked 
|  68|0x000000070c800000, 0x000000070c800000, 0x000000070ca00000|  0%| F|  |TAMS 0x000000070c800000| PB 0x000000070c800000| Untracked 
|  69|0x000000070ca00000, 0x000000070ca00000, 0x000000070cc00000|  0%| F|  |TAMS 0x000000070ca00000| PB 0x000000070ca00000| Untracked 
|  70|0x000000070cc00000, 0x000000070cc00000, 0x000000070ce00000|  0%| F|  |TAMS 0x000000070cc00000| PB 0x000000070cc00000| Untracked 
|  71|0x000000070ce00000, 0x000000070ce00000, 0x000000070d000000|  0%| F|  |TAMS 0x000000070ce00000| PB 0x000000070ce00000| Untracked 
|  72|0x000000070d000000, 0x000000070d000000, 0x000000070d200000|  0%| F|  |TAMS 0x000000070d000000| PB 0x000000070d000000| Untracked 
|  73|0x000000070d200000, 0x000000070d200000, 0x000000070d400000|  0%| F|  |TAMS 0x000000070d200000| PB 0x000000070d200000| Untracked 
|  74|0x000000070d400000, 0x000000070d400000, 0x000000070d600000|  0%| F|  |TAMS 0x000000070d400000| PB 0x000000070d400000| Untracked 
|  75|0x000000070d600000, 0x000000070d600000, 0x000000070d800000|  0%| F|  |TAMS 0x000000070d600000| PB 0x000000070d600000| Untracked 
|  76|0x000000070d800000, 0x000000070d800000, 0x000000070da00000|  0%| F|  |TAMS 0x000000070d800000| PB 0x000000070d800000| Untracked 
|  77|0x000000070da00000, 0x000000070da00000, 0x000000070dc00000|  0%| F|  |TAMS 0x000000070da00000| PB 0x000000070da00000| Untracked 
|  78|0x000000070dc00000, 0x000000070dc00000, 0x000000070de00000|  0%| F|  |TAMS 0x000000070dc00000| PB 0x000000070dc00000| Untracked 
|  79|0x000000070de00000, 0x000000070de00000, 0x000000070e000000|  0%| F|  |TAMS 0x000000070de00000| PB 0x000000070de00000| Untracked 
|  80|0x000000070e000000, 0x000000070e000000, 0x000000070e200000|  0%| F|  |TAMS 0x000000070e000000| PB 0x000000070e000000| Untracked 
|  81|0x000000070e200000, 0x000000070e200000, 0x000000070e400000|  0%| F|  |TAMS 0x000000070e200000| PB 0x000000070e200000| Untracked 
|  82|0x000000070e400000, 0x000000070e400000, 0x000000070e600000|  0%| F|  |TAMS 0x000000070e400000| PB 0x000000070e400000| Untracked 
|  83|0x000000070e600000, 0x000000070e600000, 0x000000070e800000|  0%| F|  |TAMS 0x000000070e600000| PB 0x000000070e600000| Untracked 
|  84|0x000000070e800000, 0x000000070e800000, 0x000000070ea00000|  0%| F|  |TAMS 0x000000070e800000| PB 0x000000070e800000| Untracked 
|  85|0x000000070ea00000, 0x000000070ea00000, 0x000000070ec00000|  0%| F|  |TAMS 0x000000070ea00000| PB 0x000000070ea00000| Untracked 
|  86|0x000000070ec00000, 0x000000070ec00000, 0x000000070ee00000|  0%| F|  |TAMS 0x000000070ec00000| PB 0x000000070ec00000| Untracked 
|  87|0x000000070ee00000, 0x000000070ee00000, 0x000000070f000000|  0%| F|  |TAMS 0x000000070ee00000| PB 0x000000070ee00000| Untracked 
|  88|0x000000070f000000, 0x000000070f000000, 0x000000070f200000|  0%| F|  |TAMS 0x000000070f000000| PB 0x000000070f000000| Untracked 
|  89|0x000000070f200000, 0x000000070f200000, 0x000000070f400000|  0%| F|  |TAMS 0x000000070f200000| PB 0x000000070f200000| Untracked 
|  90|0x000000070f400000, 0x000000070f400000, 0x000000070f600000|  0%| F|  |TAMS 0x000000070f400000| PB 0x000000070f400000| Untracked 
|  91|0x000000070f600000, 0x000000070f600000, 0x000000070f800000|  0%| F|  |TAMS 0x000000070f600000| PB 0x000000070f600000| Untracked 
|  92|0x000000070f800000, 0x000000070f800000, 0x000000070fa00000|  0%| F|  |TAMS 0x000000070f800000| PB 0x000000070f800000| Untracked 
|  93|0x000000070fa00000, 0x000000070fa00000, 0x000000070fc00000|  0%| F|  |TAMS 0x000000070fa00000| PB 0x000000070fa00000| Untracked 
|  94|0x000000070fc00000, 0x000000070fc00000, 0x000000070fe00000|  0%| F|  |TAMS 0x000000070fc00000| PB 0x000000070fc00000| Untracked 
|  95|0x000000070fe00000, 0x000000070fe00000, 0x0000000710000000|  0%| F|  |TAMS 0x000000070fe00000| PB 0x000000070fe00000| Untracked 
|  96|0x0000000710000000, 0x0000000710000000, 0x0000000710200000|  0%| F|  |TAMS 0x0000000710000000| PB 0x0000000710000000| Untracked 
|  97|0x0000000710200000, 0x0000000710200000, 0x0000000710400000|  0%| F|  |TAMS 0x0000000710200000| PB 0x0000000710200000| Untracked 
|  98|0x0000000710400000, 0x0000000710400000, 0x0000000710600000|  0%| F|  |TAMS 0x0000000710400000| PB 0x0000000710400000| Untracked 
|  99|0x0000000710600000, 0x0000000710600000, 0x0000000710800000|  0%| F|  |TAMS 0x0000000710600000| PB 0x0000000710600000| Untracked 
| 100|0x0000000710800000, 0x0000000710800000, 0x0000000710a00000|  0%| F|  |TAMS 0x0000000710800000| PB 0x0000000710800000| Untracked 
| 101|0x0000000710a00000, 0x0000000710a00000, 0x0000000710c00000|  0%| F|  |TAMS 0x0000000710a00000| PB 0x0000000710a00000| Untracked 
| 102|0x0000000710c00000, 0x0000000710c00000, 0x0000000710e00000|  0%| F|  |TAMS 0x0000000710c00000| PB 0x0000000710c00000| Untracked 
| 103|0x0000000710e00000, 0x0000000710e00000, 0x0000000711000000|  0%| F|  |TAMS 0x0000000710e00000| PB 0x0000000710e00000| Untracked 
| 104|0x0000000711000000, 0x0000000711000000, 0x0000000711200000|  0%| F|  |TAMS 0x0000000711000000| PB 0x0000000711000000| Untracked 
| 105|0x0000000711200000, 0x0000000711200000, 0x0000000711400000|  0%| F|  |TAMS 0x0000000711200000| PB 0x0000000711200000| Untracked 
| 106|0x0000000711400000, 0x0000000711400000, 0x0000000711600000|  0%| F|  |TAMS 0x0000000711400000| PB 0x0000000711400000| Untracked 
| 107|0x0000000711600000, 0x0000000711600000, 0x0000000711800000|  0%| F|  |TAMS 0x0000000711600000| PB 0x0000000711600000| Untracked 
| 108|0x0000000711800000, 0x0000000711800000, 0x0000000711a00000|  0%| F|  |TAMS 0x0000000711800000| PB 0x0000000711800000| Untracked 
| 109|0x0000000711a00000, 0x0000000711a00000, 0x0000000711c00000|  0%| F|  |TAMS 0x0000000711a00000| PB 0x0000000711a00000| Untracked 
| 110|0x0000000711c00000, 0x0000000711c00000, 0x0000000711e00000|  0%| F|  |TAMS 0x0000000711c00000| PB 0x0000000711c00000| Untracked 
| 111|0x0000000711e00000, 0x0000000711e00000, 0x0000000712000000|  0%| F|  |TAMS 0x0000000711e00000| PB 0x0000000711e00000| Untracked 
| 112|0x0000000712000000, 0x0000000712000000, 0x0000000712200000|  0%| F|  |TAMS 0x0000000712000000| PB 0x0000000712000000| Untracked 
| 113|0x0000000712200000, 0x0000000712200000, 0x0000000712400000|  0%| F|  |TAMS 0x0000000712200000| PB 0x0000000712200000| Untracked 
| 114|0x0000000712400000, 0x0000000712400000, 0x0000000712600000|  0%| F|  |TAMS 0x0000000712400000| PB 0x0000000712400000| Untracked 
| 115|0x0000000712600000, 0x0000000712600000, 0x0000000712800000|  0%| F|  |TAMS 0x0000000712600000| PB 0x0000000712600000| Untracked 
| 116|0x0000000712800000, 0x0000000712800000, 0x0000000712a00000|  0%| F|  |TAMS 0x0000000712800000| PB 0x0000000712800000| Untracked 
| 117|0x0000000712a00000, 0x0000000712a00000, 0x0000000712c00000|  0%| F|  |TAMS 0x0000000712a00000| PB 0x0000000712a00000| Untracked 
| 118|0x0000000712c00000, 0x0000000712c00000, 0x0000000712e00000|  0%| F|  |TAMS 0x0000000712c00000| PB 0x0000000712c00000| Untracked 
| 119|0x0000000712e00000, 0x0000000712e00000, 0x0000000713000000|  0%| F|  |TAMS 0x0000000712e00000| PB 0x0000000712e00000| Untracked 
| 120|0x0000000713000000, 0x0000000713000000, 0x0000000713200000|  0%| F|  |TAMS 0x0000000713000000| PB 0x0000000713000000| Untracked 
| 121|0x0000000713200000, 0x0000000713200000, 0x0000000713400000|  0%| F|  |TAMS 0x0000000713200000| PB 0x0000000713200000| Untracked 
| 122|0x0000000713400000, 0x0000000713400000, 0x0000000713600000|  0%| F|  |TAMS 0x0000000713400000| PB 0x0000000713400000| Untracked 
| 123|0x0000000713600000, 0x00000007136e1ed0, 0x0000000713800000| 44%| E|  |TAMS 0x0000000713600000| PB 0x0000000713600000| Complete 
| 124|0x0000000713800000, 0x0000000713a00000, 0x0000000713a00000|100%| E|CS|TAMS 0x0000000713800000| PB 0x0000000713800000| Complete 
| 125|0x0000000713a00000, 0x0000000713c00000, 0x0000000713c00000|100%| E|CS|TAMS 0x0000000713a00000| PB 0x0000000713a00000| Complete 

Card table byte_map: [0x0000023c458b0000,0x0000023c46090000] _byte_map_base: 0x0000023c42090000

Marking Bits: (CMBitMap*) 0x0000023c2cf9f7c0
 Bits: [0x0000023c46090000, 0x0000023c49f90000)

Polling page: 0x0000023c2b5b0000

Metaspace:

Usage:
  Non-class:    795.49 KB used.
      Class:     61.97 KB used.
       Both:    857.46 KB used.

Virtual space:
  Non-class space:       64.00 MB reserved,     896.00 KB (  1%) committed,  1 nodes.
      Class space:        1.00 GB reserved,     128.00 KB ( <1%) committed,  1 nodes.
             Both:        1.06 GB reserved,       1.00 MB ( <1%) committed. 

Chunk freelists:
   Non-Class:  11.86 MB
       Class:  15.73 MB
        Both:  27.59 MB

MaxMetaspaceSize: unlimited
CompressedClassSpaceSize: 1.00 GB
Initial GC threshold: 21.00 MB
Current GC threshold: 21.00 MB
CDS: on
 - commit_granule_bytes: 65536.
 - commit_granule_words: 8192.
 - virtual_space_node_default_size: 8388608.
 - enlarge_chunks_in_place: 1.
 - use_allocation_guard: 0.


Internal statistics:

num_allocs_failed_limit: 0.
num_arena_births: 12.
num_arena_deaths: 0.
num_vsnodes_births: 2.
num_vsnodes_deaths: 0.
num_space_committed: 16.
num_space_uncommitted: 0.
num_chunks_returned_to_freelist: 0.
num_chunks_taken_from_freelist: 25.
num_chunk_merges: 0.
num_chunk_splits: 14.
num_chunks_enlarged: 9.
num_inconsistent_stats: 0.

CodeHeap 'non-profiled nmethods': size=120000Kb used=91Kb max_used=91Kb free=119908Kb
 bounds [0x0000023c3cf10000, 0x0000023c3d180000, 0x0000023c44440000]
CodeHeap 'profiled nmethods': size=120000Kb used=377Kb max_used=377Kb free=119622Kb
 bounds [0x0000023c35440000, 0x0000023c356b0000, 0x0000023c3c970000]
CodeHeap 'non-nmethods': size=5760Kb used=1408Kb max_used=1421Kb free=4351Kb
 bounds [0x0000023c3c970000, 0x0000023c3cbe0000, 0x0000023c3cf10000]
 total_blobs=665 nmethods=258 adapters=312
 compilation: enabled
              stopped_count=0, restarted_count=0
 full_count=0

Compilation events (20 events):
Event: 0.102 Thread 0x0000023c92035da0  241       3       sun.nio.fs.WindowsPathParser::nextNonSlash (24 bytes)
Event: 0.102 Thread 0x0000023c92035da0 nmethod 241 0x0000023c35498610 code [0x0000023c35498820, 0x0000023c35498f58]
Event: 0.102 Thread 0x0000023c92035da0  243       3       java.util.jar.Attributes$Name::hash (148 bytes)
Event: 0.103 Thread 0x0000023c92035da0 nmethod 243 0x0000023c35499290 code [0x0000023c35499520, 0x0000023c3549a1c0]
Event: 0.103 Thread 0x0000023c92035da0  244       3       java.io.WinNTFileSystem::isLetter (30 bytes)
Event: 0.103 Thread 0x0000023c92035da0 nmethod 244 0x0000023c3549a690 code [0x0000023c3549a840, 0x0000023c3549aa48]
Event: 0.104 Thread 0x0000023c92035300  245 % !   4       java.util.zip.ZipFile$Source::findEND @ 152 (669 bytes)
Event: 0.105 Thread 0x0000023c92035da0  246       3       java.util.HashMap::get (19 bytes)
Event: 0.106 Thread 0x0000023c92035da0 nmethod 246 0x0000023c3549ab10 code [0x0000023c3549acc0, 0x0000023c3549ae80]
Event: 0.108 Thread 0x0000023c92035da0  247       3       java.lang.ref.Reference::<init> (25 bytes)
Event: 0.108 Thread 0x0000023c92035da0 nmethod 247 0x0000023c3549af90 code [0x0000023c3549b140, 0x0000023c3549b3c8]
Event: 0.109 Thread 0x0000023c92035da0  248       1       sun.nio.fs.NativeBuffer::address (5 bytes)
Event: 0.109 Thread 0x0000023c92035da0 nmethod 248 0x0000023c3cf25610 code [0x0000023c3cf257a0, 0x0000023c3cf25868]
Event: 0.110 Thread 0x0000023c92035da0  249       1       java.net.URL::getUserInfo (5 bytes)
Event: 0.110 Thread 0x0000023c92035da0 nmethod 249 0x0000023c3cf25910 code [0x0000023c3cf25aa0, 0x0000023c3cf25b70]
Event: 0.115 Thread 0x0000023c92035da0  251       3       jdk.internal.ref.CleanerImpl::getCleanerImpl (13 bytes)
Event: 0.115 Thread 0x0000023c92035da0 nmethod 251 0x0000023c3549b490 code [0x0000023c3549b640, 0x0000023c3549b900]
Event: 0.115 Thread 0x0000023c92035da0  252       3       java.lang.ref.Cleaner$1::apply (9 bytes)
Event: 0.115 Thread 0x0000023c92035da0 nmethod 252 0x0000023c3549ba10 code [0x0000023c3549bbc0, 0x0000023c3549be38]
Event: 0.118 Thread 0x0000023c92035da0  253       3       java.lang.AbstractStringBuilder::appendChars (207 bytes)

GC Heap History (0 events):
No events

Dll operation events (5 events):
Event: 0.004 Loaded shared library C:\Program Files\Java\jdk-21.0.10\bin\java.dll
Event: 0.024 Loaded shared library C:\Program Files\Java\jdk-21.0.10\bin\jsvml.dll
Event: 0.036 Loaded shared library C:\Program Files\Java\jdk-21.0.10\bin\net.dll
Event: 0.037 Loaded shared library C:\Program Files\Java\jdk-21.0.10\bin\nio.dll
Event: 0.040 Loaded shared library C:\Program Files\Java\jdk-21.0.10\bin\zip.dll

Deoptimization events (8 events):
Event: 0.065 Thread 0x0000023c2cf3b2f0 Uncommon trap: trap_request=0xffffff45 fr.pc=0x0000023c3cf16478 relative=0x00000000000002b8
Event: 0.065 Thread 0x0000023c2cf3b2f0 Uncommon trap: reason=unstable_if action=reinterpret pc=0x0000023c3cf16478 method=java.lang.StringLatin1.hashCode([B)I @ 2 c2
Event: 0.065 Thread 0x0000023c2cf3b2f0 DEOPT PACKING pc=0x0000023c3cf16478 sp=0x0000009f372fd6e0
Event: 0.065 Thread 0x0000023c2cf3b2f0 DEOPT UNPACKING pc=0x0000023c3c9c7da2 sp=0x0000009f372fd618 mode 2
Event: 0.088 Thread 0x0000023c2cf3b2f0 DEOPT PACKING pc=0x0000023c354598d5 sp=0x0000009f372fdef0
Event: 0.088 Thread 0x0000023c2cf3b2f0 DEOPT UNPACKING pc=0x0000023c3c9c88e2 sp=0x0000009f372fd360 mode 0
Event: 0.088 Thread 0x0000023c2cf3b2f0 DEOPT PACKING pc=0x0000023c354598d5 sp=0x0000009f372fdef0
Event: 0.088 Thread 0x0000023c2cf3b2f0 DEOPT UNPACKING pc=0x0000023c3c9c88e2 sp=0x0000009f372fd360 mode 0

Classes loaded (20 events):
Event: 0.049 Loading class sun/nio/ch/Util
Event: 0.049 Loading class sun/nio/ch/Util done
Event: 0.049 Loading class sun/nio/ch/Util$1
Event: 0.049 Loading class sun/nio/ch/Util$1 done
Event: 0.050 Loading class sun/nio/ch/Util$BufferCache
Event: 0.050 Loading class sun/nio/ch/Util$BufferCache done
Event: 0.050 Loading class java/nio/DirectByteBuffer$Deallocator
Event: 0.050 Loading class java/nio/DirectByteBuffer$Deallocator done
Event: 0.050 Loading class sun/nio/ch/IOStatus
Event: 0.050 Loading class sun/nio/ch/IOStatus done
Event: 0.053 Loading class java/io/FilenameFilter
Event: 0.053 Loading class java/io/FilenameFilter done
Event: 0.066 Loading class java/net/URLClassLoader$1
Event: 0.066 Loading class java/net/URLClassLoader$1 done
Event: 0.066 Loading class jdk/internal/loader/URLClassPath$FileLoader
Event: 0.066 Loading class jdk/internal/loader/URLClassPath$FileLoader done
Event: 0.067 Loading class java/util/zip/ZipException
Event: 0.068 Loading class java/util/zip/ZipException done
Event: 0.068 Loading class java/security/PrivilegedActionException
Event: 0.068 Loading class java/security/PrivilegedActionException done

Classes unloaded (0 events):
No events

Classes redefined (0 events):
No events

Internal exceptions (1 events):
Event: 0.064 Thread 0x0000023c2cf3b2f0 Exception <a 'java/lang/NoSuchMethodError'{0x00000007138fc888}: 'int java.lang.invoke.DirectMethodHandle$Holder.invokeSpecial(java.lang.Object, java.lang.Object, java.lang.Object)'> (0x00000007138fc888) 
thrown [s\open\src\hotspot\share\interpreter\linkResolver.cpp, line 773]

ZGC Phase Switch (0 events):
No events

VM Operations (2 events):
Event: 0.041 Executing VM operation: HandshakeAllThreads (Deoptimize)
Event: 0.041 Executing VM operation: HandshakeAllThreads (Deoptimize) done

Events (11 events):
Event: 0.013 Thread 0x0000023c2cf3b2f0 Thread added: 0x0000023c2cf3b2f0
Event: 0.022 Thread 0x0000023c9200fbd0 Thread added: 0x0000023c9200fbd0
Event: 0.023 Thread 0x0000023c92010830 Thread added: 0x0000023c92010830
Event: 0.023 Thread 0x0000023c92012ab0 Thread added: 0x0000023c92012ab0
Event: 0.023 Thread 0x0000023c92014780 Thread added: 0x0000023c92014780
Event: 0.023 Thread 0x0000023c9201c980 Thread added: 0x0000023c9201c980
Event: 0.023 Thread 0x0000023c9201d3e0 Thread added: 0x0000023c9201d3e0
Event: 0.023 Thread 0x0000023c92035300 Thread added: 0x0000023c92035300
Event: 0.023 Thread 0x0000023c92035da0 Thread added: 0x0000023c92035da0
Event: 0.033 Thread 0x0000023c921883c0 Thread added: 0x0000023c921883c0
Event: 0.034 Thread 0x0000023c9218f430 Thread added: 0x0000023c9218f430


Dynamic libraries:
0x00007ff7ac410000 - 0x00007ff7ac420000 	C:\Program Files\Java\jdk-21.0.10\bin\java.exe
0x00007ffa68400000 - 0x00007ffa68667000 	C:\WINDOWS\SYSTEM32\ntdll.dll
0x00007ffa672d0000 - 0x00007ffa6739a000 	C:\WINDOWS\System32\KERNEL32.DLL
0x00007ffa659a0000 - 0x00007ffa65da2000 	C:\WINDOWS\System32\KERNELBASE.dll
0x00007ffa65840000 - 0x00007ffa6598c000 	C:\WINDOWS\System32\ucrtbase.dll
0x00007ffa510b0000 - 0x00007ffa510c9000 	C:\Program Files\Java\jdk-21.0.10\bin\jli.dll
0x00007ffa53b70000 - 0x00007ffa53b8e000 	C:\Program Files\Java\jdk-21.0.10\bin\VCRUNTIME140.dll
0x00007ffa67480000 - 0x00007ffa6753c000 	C:\WINDOWS\System32\ADVAPI32.dll
0x00007ffa68290000 - 0x00007ffa68339000 	C:\WINDOWS\System32\msvcrt.dll
0x00007ffa681e0000 - 0x00007ffa68289000 	C:\WINDOWS\System32\sechost.dll
0x00007ffa680c0000 - 0x00007ffa681d8000 	C:\WINDOWS\System32\RPCRT4.dll
0x00007ffa67950000 - 0x00007ffa67b1f000 	C:\WINDOWS\System32\USER32.dll
0x00007ffa65f40000 - 0x00007ffa65f67000 	C:\WINDOWS\System32\win32u.dll
0x00007ffa4e480000 - 0x00007ffa4e710000 	C:\WINDOWS\WinSxS\amd64_microsoft.windows.common-controls_6595b64144ccf1df_6.0.26100.9278_none_3e0d1ba8e3303201\COMCTL32.dll
0x00007ffa68340000 - 0x00007ffa6836b000 	C:\WINDOWS\System32\GDI32.dll
0x00007ffa65f70000 - 0x00007ffa66099000 	C:\WINDOWS\System32\gdi32full.dll
0x00007ffa65610000 - 0x00007ffa656b3000 	C:\WINDOWS\System32\msvcp_win.dll
0x00007ffa54560000 - 0x00007ffa5456b000 	C:\WINDOWS\SYSTEM32\VERSION.dll
0x00007ffa68370000 - 0x00007ffa683a1000 	C:\WINDOWS\System32\IMM32.DLL
0x00007ffa46320000 - 0x00007ffa46412000 	C:\Program Files\Windhawk\Engine\1.7.3_1\64\windhawk.dll
0x00007ffa5d510000 - 0x00007ffa5d51c000 	C:\Program Files\Java\jdk-21.0.10\bin\vcruntime140_1.dll
0x00007ff9f9490000 - 0x00007ff9f951d000 	C:\Program Files\Java\jdk-21.0.10\bin\msvcp140.dll
0x00007ff9db370000 - 0x00007ff9dc097000 	C:\Program Files\Java\jdk-21.0.10\bin\server\jvm.dll
0x00007ffa676c0000 - 0x00007ffa67740000 	C:\WINDOWS\System32\WS2_32.dll
0x00007ffa65470000 - 0x00007ffa654ce000 	C:\WINDOWS\SYSTEM32\POWRPROF.dll
0x00007ffa5a9f0000 - 0x00007ffa5aa26000 	C:\WINDOWS\SYSTEM32\WINMM.dll
0x00007ffa65450000 - 0x00007ffa65465000 	C:\WINDOWS\SYSTEM32\UMPDC.dll
0x00007ffa642e0000 - 0x00007ffa642fb000 	C:\WINDOWS\SYSTEM32\kernel.appcore.dll
0x00007ffa55d90000 - 0x00007ffa55d9a000 	C:\Program Files\Java\jdk-21.0.10\bin\jimage.dll
0x00007ffa62b40000 - 0x00007ffa62d82000 	C:\WINDOWS\SYSTEM32\DBGHELP.DLL
0x00007ffa66230000 - 0x00007ffa665b4000 	C:\WINDOWS\System32\combase.dll
0x00007ffa673a0000 - 0x00007ffa67479000 	C:\WINDOWS\System32\OLEAUT32.dll
0x00007ffa53070000 - 0x00007ffa530ab000 	C:\WINDOWS\SYSTEM32\dbgcore.DLL
0x00007ffa656c0000 - 0x00007ffa6576c000 	C:\WINDOWS\System32\bcryptPrimitives.dll
0x00007ffa468c0000 - 0x00007ffa468e1000 	C:\Program Files\Java\jdk-21.0.10\bin\java.dll
0x00007ffa66680000 - 0x00007ffa66e18000 	C:\WINDOWS\System32\SHELL32.dll
0x00007ffa63070000 - 0x00007ffa6391e000 	C:\WINDOWS\SYSTEM32\windows.storage.dll
0x00007ffa66130000 - 0x00007ffa6622b000 	C:\WINDOWS\System32\SHCORE.dll
0x00007ffa67b30000 - 0x00007ffa67b96000 	C:\WINDOWS\System32\shlwapi.dll
0x00007ffa65530000 - 0x00007ffa65559000 	C:\WINDOWS\SYSTEM32\profapi.dll
0x00007ff9f6160000 - 0x00007ff9f6237000 	C:\Program Files\Java\jdk-21.0.10\bin\jsvml.dll
0x00007ffa46870000 - 0x00007ffa46881000 	C:\Program Files\Java\jdk-21.0.10\bin\net.dll
0x00007ffa5a130000 - 0x00007ffa5a25a000 	C:\WINDOWS\SYSTEM32\WINHTTP.dll
0x00007ffa648a0000 - 0x00007ffa6490c000 	C:\WINDOWS\system32\mswsock.dll
0x00007ffa3e290000 - 0x00007ffa3e2a6000 	C:\Program Files\Java\jdk-21.0.10\bin\nio.dll
0x00007ffa3e200000 - 0x00007ffa3e218000 	C:\Program Files\Java\jdk-21.0.10\bin\zip.dll

dbghelp: loaded successfully - version: 4.0.5 - missing functions: none
symbol engine: initialized successfully - sym options: 0x614 - pdb path: .;C:\Program Files\Java\jdk-21.0.10\bin;C:\WINDOWS\SYSTEM32;C:\WINDOWS\WinSxS\amd64_microsoft.windows.common-controls_6595b64144ccf1df_6.0.26100.9278_none_3e0d1ba8e3303201;C:\Program Files\Windhawk\Engine\1.7.3_1\64;C:\Program Files\Java\jdk-21.0.10\bin\server

VM Arguments:
jvm_args: --enable-native-access=ALL-UNNAMED -Dfile.encoding=UTF-8 -Dclassworlds.conf=C:\Users\swaya\.m2\wrapper\dists\apache-maven-3.9.16\0daed3be3ebd1c706f0e69e8b07c6b73f5cc4ea3dfce72a8d0ec2e849ca2ddb0\bin\m2.conf -Dmaven.home=C:\Users\swaya\.m2\wrapper\dists\apache-maven-3.9.16\0daed3be3ebd1c706f0e69e8b07c6b73f5cc4ea3dfce72a8d0ec2e849ca2ddb0 -Dlibrary.jansi.path=C:\Users\swaya\.m2\wrapper\dists\apache-maven-3.9.16\0daed3be3ebd1c706f0e69e8b07c6b73f5cc4ea3dfce72a8d0ec2e849ca2ddb0\lib\jansi-native -Dmaven.multiModuleProjectDirectory=C:\Users\swaya\IdeaProjects\CrudApp 
java_command: org.codehaus.plexus.classworlds.launcher.Launcher -Didea.version=2026.2.2 -Dmaven.ext.class.path=C:\Program Files\JetBrains\IntelliJ IDEA 2026.1.3\plugins\maven-plugin\lib\intellij.maven.rt\maven-event-listener.jar -Djansi.passthrough=true -Dstyle.color=always -Dmaven.repo.local=C:\Users\swaya\.m2\repository clean -f pom.xml
java_class_path (initial): C:\Users\swaya\.m2\wrapper\dists\apache-maven-3.9.16\0daed3be3ebd1c706f0e69e8b07c6b73f5cc4ea3dfce72a8d0ec2e849ca2ddb0\boot\plexus-classworlds-2.11.0.jar
Launcher Type: SUN_STANDARD

[Global flags]
     intx CICompilerCount                          = 4                                         {product} {ergonomic}
     uint ConcGCThreads                            = 3                                         {product} {ergonomic}
     uint G1ConcRefinementThreads                  = 10                                        {product} {ergonomic}
   size_t G1HeapRegionSize                         = 2097152                                   {product} {ergonomic}
    uintx GCDrainStackTargetSize                   = 64                                        {product} {ergonomic}
   size_t InitialHeapSize                          = 264241152                                 {product} {ergonomic}
   size_t MarkStackSize                            = 4194304                                   {product} {ergonomic}
   size_t MaxHeapSize                              = 4227858432                                {product} {ergonomic}
   size_t MaxNewSize                               = 2535456768                                {product} {ergonomic}
   size_t MinHeapDeltaBytes                        = 2097152                                   {product} {ergonomic}
   size_t MinHeapSize                              = 8388608                                   {product} {ergonomic}
    uintx NonNMethodCodeHeapSize                   = 5839372                                {pd product} {ergonomic}
    uintx NonProfiledCodeHeapSize                  = 122909434                              {pd product} {ergonomic}
    uintx ProfiledCodeHeapSize                     = 122909434                              {pd product} {ergonomic}
    uintx ReservedCodeCacheSize                    = 251658240                              {pd product} {ergonomic}
     bool SegmentedCodeCache                       = true                                      {product} {ergonomic}
   size_t SoftMaxHeapSize                          = 4227858432                             {manageable} {ergonomic}
     bool UseCompressedOops                        = true                           {product lp64_product} {ergonomic}
     bool UseG1GC                                  = true                                      {product} {ergonomic}
     bool UseLargePagesIndividualAllocation        = false                                  {pd product} {ergonomic}

Logging:
Log output configuration:
 #0: stdout all=warning uptime,level,tags foldmultilines=false
 #1: stderr all=off uptime,level,tags foldmultilines=false

Environment Variables:
JAVA_HOME=C:\Program Files\Java\jdk-21.0.10
PATH=C:\WINDOWS\system32;C:\WINDOWS;C:\WINDOWS\System32\Wbem;C:\WINDOWS\System32\WindowsPowerShell\v1.0\;C:\WINDOWS\System32\OpenSSH\;C:\Program Files\NVIDIA Corporation\NVIDIA App\NvDLISR;C:\Program Files (x86)\NVIDIA Corporation\PhysX\Common;C:\Program Files\Git\cmd;C:\Program Files\dotnet\;C:\Program Files\Java\jdk-21.0.10\bin;C:\Program Files\PostgreSQL\18\bin;C:\Program Files\JetBrains\IntelliJ IDEA 2026.1.3\bin;C:\apache-maven-3.9.16-bin\apache-maven-3.9.16\bin;C:\Users\swaya\AppData\Local\Microsoft\WindowsApps;C:\Program Files\JetBrains\IntelliJ IDEA 2026.1.3\bin;C:\Program Files\PostgreSQL\18\bin;C:\Users\swaya\AppData\Local\Kingsoft\WPS Office\12.1.0.27458\clitool;JAVA_HOME\bin;C:\Users\swaya\.lmstudio\bin;C:\apache-maven-3.9.16-bin\apache-maven-3.9.16\bin;C:\Users\swaya\AppData\Local\Programs\Microsoft VS Code\bin
USERNAME=swaya
OS=Windows_NT
PROCESSOR_IDENTIFIER=Intel64 Family 6 Model 141 Stepping 1, GenuineIntel
TMP=C:\Users\swaya\AppData\Local\Temp
TEMP=C:\Users\swaya\AppData\Local\Temp




Periodic native trim disabled

---------------  S Y S T E M  ---------------

OS:
 Windows 11 , 64 bit Build 26100 (10.0.26100.9278)
OS uptime: 7 days 11:07 hours
Hyper-V role detected

CPU: total 12 (initial active 12) (6 cores per cpu, 2 threads per core) family 6 model 141 stepping 1 microcode 0x34, cx8, cmov, fxsr, ht, mmx, 3dnowpref, sse, sse2, sse3, ssse3, sse4.1, sse4.2, popcnt, lzcnt, tsc, tscinvbit, avx, avx2, aes, erms, clmul, bmi1, bmi2, adx, avx512f, avx512dq, avx512cd, avx512bw, avx512vl, sha, fma, vzeroupper, avx512_vpopcntdq, avx512_vpclmulqdq, avx512_vaes, avx512_vnni, clflush, clflushopt, clwb, avx512_vbmi2, avx512_vbmi, hv, rdtscp, rdpid, fsrm, gfni, avx512_bitalg, f16c, cet_ibt, cet_ss, avx512_ifma
Processor Information for all 12 processors :
  Max Mhz: 2688, Current Mhz: 2688, Mhz Limit: 2688

Memory: 4k page, system-wide physical 16121M (3708M free)
TotalPageFile size 16121M (AvailPageFile size 2M)
current process WorkingSet (physical memory assigned to process): 47M, peak: 47M
current process commit charge ("private bytes"): 345M, peak: 345M

vm_info: Java HotSpot(TM) 64-Bit Server VM (21.0.10+8-LTS-217) for windows-amd64 JRE (21.0.10+8-LTS-217), built on 2025-12-18T14:59:28Z by "mach5run" with MS VC++ 17.13 (VS2022)

END.
